{
  "version": "1.5.0",
  "plugins_used": [
    {
      "name": "ArtifactoryDetector"
    },
    {
      "name": "AWSKeyDetector"
    },
    {
      "name": "AzureStorageKeyDetector"
    },
    {
      "name": "Base64HighEntropyString",
      "limit": 4.5
    },
    {
      "name": "BasicAuthDetector"
    },
    {
      "name": "CloudantDetector"
    },
    {
      "name": "DiscordBotTokenDetector"
    },
    {
      "name": "GitHubTokenDetector"
    },
    {
      "name": "GitLabTokenDetector"
    },
    {
      "name": "HexHighEntropyString",
      "limit": 3.0
    },
    {
      "name": "IbmCloudIamDetector"
    },
    {
      "name": "IbmCosHmacDetector"
    },
    {
      "name": "IPPublicDetector"
    },
    {
      "name": "JwtTokenDetector"
    },
    {
      "name": "KeywordDetector",
      "keyword_exclude": ""
    },
    {
      "name": "MailchimpDetector"
    },
    {
      "name": "NpmDetector"
    },
    {
      "name": "OpenAIDetector"
    },
    {
      "name": "PrivateKeyDetector"
    },
    {
      "name": "PypiTokenDetector"
    },
    {
      "name": "SendGridDetector"
    },
    {
      "name": "SlackDetector"
    },
    {
      "name": "SoftlayerDetector"
    },
    {
      "name": "SquareOAuthDetector"
    },
    {
      "name": "StripeDetector"
    },
    {
      "name": "TelegramBotTokenDetector"
    },
    {
      "name": "TwilioKeyDetector"
    }
  ],
  "filters_used": [
    {
      "path": "detect_secrets.filters.allowlist.is_line_allowlisted"
    },
    {
      "path": "detect_secrets.filters.common.is_baseline_file",
      "filename": ".secrets.baseline"
    },
    {
      "path": "detect_secrets.filters.common.is_ignored_due_to_verification_policies",
      "min_level": 2
    },
    {
      "path": "detect_secrets.filters.heuristic.is_indirect_reference"
    },
    {
      "path": "detect_secrets.filters.heuristic.is_likely_id_string"
    },
    {
      "path": "detect_secrets.filters.heuristic.is_lock_file"
    },
    {
      "path": "detect_secrets.filters.heuristic.is_not_alphanumeric_string"
    },
    {
      "path": "detect_secrets.filters.heuristic.is_potential_uuid"
    },
    {
      "path": "detect_secrets.filters.heuristic.is_prefixed_with_dollar_sign"
    },
    {
      "path": "detect_secrets.filters.heuristic.is_sequential_string"
    },
    {
      "path": "detect_secrets.filters.heuristic.is_swagger_file"
    },
    {
      "path": "detect_secrets.filters.heuristic.is_templated_secret"
    },
    {
      "path": "detect_secrets.filters.regex.should_exclude_file",
      "pattern": [
        "(^|/)(node_modules|\\.venv|\\.git|\\.next|coverage|\\.mypy_cache|\\.pytest_cache|\\.ruff_cache)/|(^|/)(package-lock\\.json|\\.secrets\\.baseline)$|\\.tsbuildinfo$"
      ]
    }
  ],
  "results": {
    "apps/api/tests/integration/test_configuration_api.py": [
      {
        "type": "Secret Keyword",
        "filename": "apps/api/tests/integration/test_configuration_api.py",
        "hashed_secret": "09730b56c207151bd2f0ad70fabc28ba69e48ddd",
        "is_verified": false,
        "line_number": 51
      }
    ],
    "apps/api/tests/integration/test_document_upload_api.py": [
      {
        "type": "Secret Keyword",
        "filename": "apps/api/tests/integration/test_document_upload_api.py",
        "hashed_secret": "109bd8259389bdf29365d42655c2d67db428098e",
        "is_verified": false,
        "line_number": 125
      }
    ],
    "apps/api/tests/integration/test_extraction_persistence_postgres.py": [
      {
        "type": "Secret Keyword",
        "filename": "apps/api/tests/integration/test_extraction_persistence_postgres.py",
        "hashed_secret": "99d7717984e0f72d12e98a097495adf8bde6e284",
        "is_verified": false,
        "line_number": 249
      }
    ],
    "apps/api/tests/integration/test_object_storage.py": [
      {
        "type": "Secret Keyword",
        "filename": "apps/api/tests/integration/test_object_storage.py",
        "hashed_secret": "b315c6fdcfadbf26a2a303a368aadb66cbc15440",
        "is_verified": false,
        "line_number": 17
      }
    ],
    "apps/api/tests/integration/test_runtime_dependencies.py": [
      {
        "type": "Secret Keyword",
        "filename": "apps/api/tests/integration/test_runtime_dependencies.py",
        "hashed_secret": "0fad6bad7b95f22e7a18a43353783bd73ef2076e",
        "is_verified": false,
        "line_number": 51
      }
    ],
    "apps/api/tests/integration/test_taxonomy_api.py": [
      {
        "type": "Secret Keyword",
        "filename": "apps/api/tests/integration/test_taxonomy_api.py",
        "hashed_secret": "78f605ed39e3b9f08421e83e5ebdcf38e79cff70",
        "is_verified": false,
        "line_number": 58
      }
    ],
    "apps/api/tests/integration/test_taxonomy_persistence.py": [
      {
        "type": "Secret Keyword",
        "filename": "apps/api/tests/integration/test_taxonomy_persistence.py",
        "hashed_secret": "0fad6bad7b95f22e7a18a43353783bd73ef2076e",
        "is_verified": false,
        "line_number": 37
      }
    ],
    "apps/api/tests/test_app.py": [
      {
        "type": "Secret Keyword",
        "filename": "apps/api/tests/test_app.py",
        "hashed_secret": "70ac08a653fcdafd7b2a3e9bd92c972f170152ef",
        "is_verified": false,
        "line_number": 127,
        "is_secret": false
      }
    ],
    "apps/api/tests/test_config.py": [
      {
        "type": "Basic Auth Credentials",
        "filename": "apps/api/tests/test_config.py",
        "hashed_secret": "e625c8b2b85564e73f70e58de16883b702bb6b5a",
        "is_verified": false,
        "line_number": 130
      }
    ],
    "apps/api/tests/test_deterministic_identity.py": [
      {
        "type": "Basic Auth Credentials",
        "filename": "apps/api/tests/test_deterministic_identity.py",
        "hashed_secret": "e625c8b2b85564e73f70e58de16883b702bb6b5a",
        "is_verified": false,
        "line_number": 82
      }
    ],
    "apps/api/tests/test_migrations.py": [
      {
        "type": "Basic Auth Credentials",
        "filename": "apps/api/tests/test_migrations.py",
        "hashed_secret": "f5592f2e12a03812f94594899ae143bd47b01671",
        "is_verified": false,
        "line_number": 80
      }
    ],
    "apps/api/tests/test_source_semantic_diagnostics.py": [
      {
        "type": "Secret Keyword",
        "filename": "apps/api/tests/test_source_semantic_diagnostics.py",
        "hashed_secret": "2c554be9a0eb07def35302a96adf3f03f7289f5e",
        "is_verified": false,
        "line_number": 40,
        "is_secret": false
      }
    ],
    "apps/api/tests/test_streaming_object_storage.py": [
      {
        "type": "Secret Keyword",
        "filename": "apps/api/tests/test_streaming_object_storage.py",
        "hashed_secret": "fe1bae27cb7c1fb823f496f286e78f1d2ae87734",
        "is_verified": false,
        "line_number": 110,
        "is_secret": false
      },
      {
        "type": "Secret Keyword",
        "filename": "apps/api/tests/test_streaming_object_storage.py",
        "hashed_secret": "70ac08a653fcdafd7b2a3e9bd92c972f170152ef",
        "is_verified": false,
        "line_number": 519,
        "is_secret": false
      }
    ],
    "apps/api/tests/test_upload_jobs.py": [
      {
        "type": "Secret Keyword",
        "filename": "apps/api/tests/test_upload_jobs.py",
        "hashed_secret": "70ac08a653fcdafd7b2a3e9bd92c972f170152ef",
        "is_verified": false,
        "line_number": 315,
        "is_secret": false
      }
    ],
    "apps/web/e2e/admin-documents.spec.ts": [
      {
        "type": "Base64 High Entropy String",
        "filename": "apps/web/e2e/admin-documents.spec.ts",
        "hashed_secret": "99e67993e01fce3a15047296423918d54bbeb236",
        "is_verified": false,
        "line_number": 10
      }
    ],
    "scripts/benchmark_source_fidelity.py": [
      {
        "type": "Hex High Entropy String",
        "filename": "scripts/benchmark_source_fidelity.py",
        "hashed_secret": "e7b4bce38c2be70d137eb09065f168942de0137c",
        "is_verified": false,
        "line_number": 95,
        "is_secret": false
      },
      {
        "type": "Hex High Entropy String",
        "filename": "scripts/benchmark_source_fidelity.py",
        "hashed_secret": "f87adabb4dec02cc520636e2cfb3d74d01f1f66a",
        "is_verified": false,
        "line_number": 97,
        "is_secret": false
      },
      {
        "type": "Hex High Entropy String",
        "filename": "scripts/benchmark_source_fidelity.py",
        "hashed_secret": "61c3fe4fc28b369a8898526682db4806d2e4b3e1",
        "is_verified": false,
        "line_number": 98,
        "is_secret": false
      },
      {
        "type": "Hex High Entropy String",
        "filename": "scripts/benchmark_source_fidelity.py",
        "hashed_secret": "a6db2b556b408b62edc43439cbbbaa3befce44f1",
        "is_verified": false,
        "line_number": 99,
        "is_secret": false
      },
      {
        "type": "Hex High Entropy String",
        "filename": "scripts/benchmark_source_fidelity.py",
        "hashed_secret": "5cd332e5bbd6ae3ac31dff07ecb010f55744a0f1",
        "is_verified": false,
        "line_number": 101,
        "is_secret": false
      },
      {
        "type": "Hex High Entropy String",
        "filename": "scripts/benchmark_source_fidelity.py",
        "hashed_secret": "902642213ae5ca1ad87404258b469f6e8d829c33",
        "is_verified": false,
        "line_number": 942,
        "is_secret": false
      },
      {
        "type": "Hex High Entropy String",
        "filename": "scripts/benchmark_source_fidelity.py",
        "hashed_secret": "5e3c4ae0fad7e18ff0c681413daca4780c8731ab",
        "is_verified": false,
        "line_number": 943,
        "is_secret": false
      },
      {
        "type": "Hex High Entropy String",
        "filename": "scripts/benchmark_source_fidelity.py",
        "hashed_secret": "722f17f869787e413754c137e4e3c3267783958d",
        "is_verified": false,
        "line_number": 946,
        "is_secret": false
      },
      {
        "type": "Hex High Entropy String",
        "filename": "scripts/benchmark_source_fidelity.py",
        "hashed_secret": "b3186ecc7ceb7497195e6aed53df8939d6e95d3a",
        "is_verified": false,
        "line_number": 947,
        "is_secret": false
      },
      {
        "type": "Hex High Entropy String",
        "filename": "scripts/benchmark_source_fidelity.py",
        "hashed_secret": "5995b6cf65486d5d605de99f2a7803a586be84ae",
        "is_verified": false,
        "line_number": 951,
        "is_secret": false
      },
      {
        "type": "Hex High Entropy String",
        "filename": "scripts/benchmark_source_fidelity.py",
        "hashed_secret": "62959e1220f7a0f86ae8fd39b03a4eeca3b95f86",
        "is_verified": false,
        "line_number": 953,
        "is_secret": false
      }
    ]
  },
  "generated_at": "2026-09-06T14:53:04Z"
}
