{
  "version": "1.5.0",
  "plugins_used": [
    {
      "name": "ArtifactoryDetector"
    },
    {
      "name": "AWSKeyDetector"
    },
    {
      "name": "AzureStorageKeyDetector"
    },
    {
      "name": "Base64HighEntropyString",
      "limit": 4.5
    },
    {
      "name": "BasicAuthDetector"
    },
    {
      "name": "CloudantDetector"
    },
    {
      "name": "DiscordBotTokenDetector"
    },
    {
      "name": "GitHubTokenDetector"
    },
    {
      "name": "GitLabTokenDetector"
    },
    {
      "name": "HexHighEntropyString",
      "limit": 3.0
    },
    {
      "name": "IbmCloudIamDetector"
    },
    {
      "name": "IbmCosHmacDetector"
    },
    {
      "name": "IPPublicDetector"
    },
    {
      "name": "JwtTokenDetector"
    },
    {
      "name": "KeywordDetector",
      "keyword_exclude": ""
    },
    {
      "name": "MailchimpDetector"
    },
    {
      "name": "NpmDetector"
    },
    {
      "name": "OpenAIDetector"
    },
    {
      "name": "PrivateKeyDetector"
    },
    {
      "name": "PypiTokenDetector"
    },
    {
      "name": "SendGridDetector"
    },
    {
      "name": "SlackDetector"
    },
    {
      "name": "SoftlayerDetector"
    },
    {
      "name": "SquareOAuthDetector"
    },
    {
      "name": "StripeDetector"
    },
    {
      "name": "TelegramBotTokenDetector"
    },
    {
      "name": "TwilioKeyDetector"
    }
  ],
  "filters_used": [
    {
      "path": "detect_secrets.filters.allowlist.is_line_allowlisted"
    },
    {
      "path": "detect_secrets.filters.common.is_baseline_file",
      "filename": ".secrets.baseline"
    },
    {
      "path": "detect_secrets.filters.common.is_ignored_due_to_verification_policies",
      "min_level": 2
    },
    {
      "path": "detect_secrets.filters.heuristic.is_indirect_reference"
    },
    {
      "path": "detect_secrets.filters.heuristic.is_likely_id_string"
    },
    {
      "path": "detect_secrets.filters.heuristic.is_lock_file"
    },
    {
      "path": "detect_secrets.filters.heuristic.is_not_alphanumeric_string"
    },
    {
      "path": "detect_secrets.filters.heuristic.is_potential_uuid"
    },
    {
      "path": "detect_secrets.filters.heuristic.is_prefixed_with_dollar_sign"
    },
    {
      "path": "detect_secrets.filters.heuristic.is_sequential_string"
    },
    {
      "path": "detect_secrets.filters.heuristic.is_swagger_file"
    },
    {
      "path": "detect_secrets.filters.heuristic.is_templated_secret"
    },
    {
      "path": "detect_secrets.filters.regex.should_exclude_file",
      "pattern": [
        "(^|/)(node_modules|\\.venv|\\.git|\\.next|coverage|\\.mypy_cache|\\.pytest_cache|\\.ruff_cache)/|(^|/)(package-lock\\.json|\\.secrets\\.baseline)$|\\.tsbuildinfo$"
      ]
    }
  ],
  "results": {
    "apps/api/tests/integration/test_configuration_api.py": [
      {
        "type": "Secret Keyword",
        "filename": "apps/api/tests/integration/test_configuration_api.py",
        "hashed_secret": "09730b56c207151bd2f0ad70fabc28ba69e48ddd",
        "is_verified": false,
        "line_number": 51
      }
    ],
    "apps/api/tests/integration/test_document_upload_api.py": [
      {
        "type": "Secret Keyword",
        "filename": "apps/api/tests/integration/test_document_upload_api.py",
        "hashed_secret": "109bd8259389bdf29365d42655c2d67db428098e",
        "is_verified": false,
        "line_number": 71
      }
    ],
    "apps/api/tests/integration/test_extraction_persistence_postgres.py": [
      {
        "type": "Secret Keyword",
        "filename": "apps/api/tests/integration/test_extraction_persistence_postgres.py",
        "hashed_secret": "99d7717984e0f72d12e98a097495adf8bde6e284",
        "is_verified": false,
        "line_number": 104
      }
    ],
    "apps/api/tests/integration/test_object_storage.py": [
      {
        "type": "Secret Keyword",
        "filename": "apps/api/tests/integration/test_object_storage.py",
        "hashed_secret": "b315c6fdcfadbf26a2a303a368aadb66cbc15440",
        "is_verified": false,
        "line_number": 17
      }
    ],
    "apps/api/tests/integration/test_runtime_dependencies.py": [
      {
        "type": "Secret Keyword",
        "filename": "apps/api/tests/integration/test_runtime_dependencies.py",
        "hashed_secret": "0fad6bad7b95f22e7a18a43353783bd73ef2076e",
        "is_verified": false,
        "line_number": 34
      }
    ],
    "apps/api/tests/integration/test_taxonomy_api.py": [
      {
        "type": "Secret Keyword",
        "filename": "apps/api/tests/integration/test_taxonomy_api.py",
        "hashed_secret": "78f605ed39e3b9f08421e83e5ebdcf38e79cff70",
        "is_verified": false,
        "line_number": 58
      }
    ],
    "apps/api/tests/integration/test_taxonomy_persistence.py": [
      {
        "type": "Secret Keyword",
        "filename": "apps/api/tests/integration/test_taxonomy_persistence.py",
        "hashed_secret": "0fad6bad7b95f22e7a18a43353783bd73ef2076e",
        "is_verified": false,
        "line_number": 37
      }
    ],
    "apps/api/tests/test_config.py": [
      {
        "type": "Basic Auth Credentials",
        "filename": "apps/api/tests/test_config.py",
        "hashed_secret": "e625c8b2b85564e73f70e58de16883b702bb6b5a",
        "is_verified": false,
        "line_number": 32
      }
    ],
    "apps/api/tests/test_deterministic_identity.py": [
      {
        "type": "Basic Auth Credentials",
        "filename": "apps/api/tests/test_deterministic_identity.py",
        "hashed_secret": "e625c8b2b85564e73f70e58de16883b702bb6b5a",
        "is_verified": false,
        "line_number": 82
      }
    ],
    "apps/api/tests/test_migrations.py": [
      {
        "type": "Basic Auth Credentials",
        "filename": "apps/api/tests/test_migrations.py",
        "hashed_secret": "f5592f2e12a03812f94594899ae143bd47b01671",
        "is_verified": false,
        "line_number": 20
      }
    ],
    "apps/web/e2e/admin-documents.spec.ts": [
      {
        "type": "Base64 High Entropy String",
        "filename": "apps/web/e2e/admin-documents.spec.ts",
        "hashed_secret": "99e67993e01fce3a15047296423918d54bbeb236",
        "is_verified": false,
        "line_number": 4
      }
    ]
  },
  "generated_at": "2026-08-24T17:01:24Z"
}
